// Jest Snapshot v1, https://goo.gl/fbAQLP

exports[`Footer renders correctly 1`] = `
<footer
  className="sc-bczRLJ iKEWEy"
>
  <section
    className="pb-5 section"
    id="Footer"
  >
    <div
      className="container"
    >
      <div
        className="row"
      >
        <div
          className="col-sm-8 offset-sm-2 col-md-12 offset-md-0"
        >
          <div
            className="row"
          >
            <div
              className="sc-dkzDqf ksjPNj col-6 col-md-3 col-lg-2 order-12 order-md-0 pad-md-right align-self-center"
            >
              <img
                alt="Postman"
                className="footer-img"
                src="https://voyager.postman.com/illustration/postman-footer-rocket-launch.svg"
              />
              <span
                className="col-12 d-none d-md-block copyright"
              >
                Â© 2022 Postman, Inc.
              </span>
            </div>
            <div
              className="col-6 col-md-3 offset-md-1 col-lg-3 offset-lg-2 order-1 order-md-2 mb-5"
            >
              <nav
                aria-labelledby="product"
              >
                <h2
                  className="footer-col-title"
                  id="product"
                >
                  Product
                </h2>
                <ul
                  className="sc-gsnTZi kIEZAF column"
                >
                  <li
                    className="column-row"
                  >
                    <a
                      className="column-link"
                      href="https://www.postman.com/product/what-is-postman/"
                      id="what-is-postman"
                      onClick={[Function]}
                      rel={null}
                      target={null}
                    >
                      What is Postman?
                    </a>
                  </li>
                  <li
                    className="column-row"
                  >
                    <a
                      className="column-link"
                      href="https://www.postman.com/product/api-repository/"
                      id="api-repository"
                      onClick={[Function]}
                      rel={null}
                      target={null}
                    >
                      API repository
                    </a>
                  </li>
                  <li
                    className="column-row"
                  >
                    <a
                      className="column-link"
                      href="https://www.postman.com/product/tools/"
                      id="tools"
                      onClick={[Function]}
                      rel={null}
                      target={null}
                    >
                      Tools
                    </a>
                  </li>
                  <li
                    className="column-row"
                  >
                    <a
                      className="column-link"
                      href="https://www.postman.com/product/intelligence/"
                      id="intelligence"
                      onClick={[Function]}
                      rel={null}
                      target={null}
                    >
                      Intelligence
                    </a>
                  </li>
                  <li
                    className="column-row"
                  >
                    <a
                      className="column-link"
                      href="https://www.postman.com/product/workspaces/"
                      id="workspaces"
                      onClick={[Function]}
                      rel={null}
                      target={null}
                    >
                      Workspaces
                    </a>
                  </li>
                  <li
                    className="column-row"
                  >
                    <a
                      className="column-link"
                      href="https://www.postman.com/product/integrations/"
                      id="integrations"
                      onClick={[Function]}
                      rel={null}
                      target={null}
                    >
                      Integrations
                    </a>
                  </li>
                  <li
                    className="column-row"
                  >
                    <a
                      className="column-link"
                      href="https://www.postman.com/postman-enterprise/"
                      id="enterprise"
                      onClick={[Function]}
                      rel={null}
                      target={null}
                    >
                      Enterprise
                    </a>
                  </li>
                  <li
                    className="column-row"
                  >
                    <a
                      className="column-link"
                      href="https://www.postman.com/pricing/"
                      id="plans-and-pricing"
                      onClick={[Function]}
                      rel={null}
                      target={null}
                    >
                      Plans and pricing
                    </a>
                  </li>
                  <li
                    className="column-row"
                  >
                    <a
                      className="column-link"
                      href="https://www.postman.com/downloads/"
                      id="download-the-app"
                      onClick={[Function]}
                      rel={null}
                      target={null}
                    >
                      Download the app
                    </a>
                  </li>
                  <li
                    className="column-row"
                  >
                    <a
                      className="column-link"
                      href="https://www.postman.com/support/"
                      id="support-center"
                      onClick={[Function]}
                      rel={null}
                      target={null}
                    >
                      Support Center
                    </a>
                  </li>
                </ul>
              </nav>
            </div>
            <div
              className="col-6 col-md-3 order-2 order-md-3"
            >
              <div>
                <nav
                  aria-labelledby="company"
                  className="mb-5"
                >
                  <h2
                    className="footer-col-title"
                    id="company"
                  >
                    Company
                  </h2>
                  <ul
                    className="sc-gsnTZi kIEZAF column"
                  >
                    <li
                      className="column-row"
                    >
                      <a
                        className="column-link"
                        href="https://www.postman.com/company/about-postman/"
                        id="about"
                        onClick={[Function]}
                        rel={null}
                        target={null}
                      >
                        About
                      </a>
                    </li>
                    <li
                      className="column-row"
                    >
                      <a
                        className="column-link"
                        href="https://www.postman.com/company/careers/"
                        id="careers-and-culture"
                        onClick={[Function]}
                        rel={null}
                        target={null}
                      >
                        Careers and culture
                      </a>
                    </li>
                    <li
                      className="column-row"
                    >
                      <a
                        className="column-link"
                        href="https://www.postman.com/company/contact-us/"
                        id="contact-us"
                        onClick={[Function]}
                        rel={null}
                        target={null}
                      >
                        Contact us
                      </a>
                    </li>
                    <li
                      className="column-row"
                    >
                      <a
                        className="column-link"
                        href="https://www.postman.com/company/press-media/"
                        id="press-and-media"
                        onClick={[Function]}
                        rel={null}
                        target={null}
                      >
                        Press and media
                      </a>
                    </li>
                  </ul>
                </nav>
              </div>
              <div>
                <nav
                  aria-labelledby="security-and-terms"
                  className="mb-5"
                >
                  <h2
                    className="footer-col-title"
                    id="security-and-terms"
                  >
                    Security and Legal
                  </h2>
                  <ul
                    className="sc-gsnTZi kIEZAF column"
                  >
                    <li
                      className="column-row"
                    >
                      <a
                        className="column-link"
                        href="https://www.postman.com/security/"
                        id="security"
                        onClick={[Function]}
                        rel={null}
                        target={null}
                      >
                        Security
                      </a>
                    </li>
                    <li
                      className="column-row"
                    >
                      <a
                        className="column-link"
                        href="https://www.postman.com/legal/privacy-policy/"
                        id="privacy-policy"
                        onClick={[Function]}
                        rel={null}
                        target={null}
                      >
                        Privacy policy
                      </a>
                    </li>
                    <li
                      className="column-row"
                    >
                      <a
                        className="column-link"
                        href="https://www.postman.com/legal/terms/"
                        id="terms"
                        onClick={[Function]}
                        rel={null}
                        target={null}
                      >
                        Terms
                      </a>
                    </li>
                  </ul>
                </nav>
              </div>
            </div>
            <div
              className="col-6 col-md-2 col-lg-2 order-3 order-md-4"
            >
              <div
                className="row"
              >
                <div
                  className="col-sm-12"
                >
                  <nav
                    className="mb-5"
                  >
                    <h2
                      className="footer-col-title"
                    />
                    <ul
                      className="sc-gsnTZi kIEZAF column"
                    >
                      <li
                        className="column-row"
                      >
                        <a
                          className="column-link"
                          href="https://twitter.com/getpostman"
                          id="twitter"
                          onClick={[Function]}
                          rel={null}
                          target={null}
                        >
                          <div
                            direction="row"
                            wrap="nowrap"
                          >
                            <div
                              className="sc-hKMtZM dZiXNm d-inline-block align-self-center social-svg"
                              dangerouslySetInnerHTML={
                                Object {
                                  "__html": undefined,
                                }
                              }
                            />
                            <div
                              className="d-inline-block align-self-center"
                            >
                              Twitter
                            </div>
                          </div>
                        </a>
                      </li>
                      <li
                        className="column-row"
                      >
                        <a
                          className="column-link"
                          href="https://www.linkedin.com/company/postman-platform"
                          id="linkedin"
                          onClick={[Function]}
                          rel={null}
                          target={null}
                        >
                          <div
                            direction="row"
                            wrap="nowrap"
                          >
                            <div
                              className="sc-hKMtZM dZiXNm d-inline-block align-self-center social-svg"
                              dangerouslySetInnerHTML={
                                Object {
                                  "__html": undefined,
                                }
                              }
                            />
                            <div
                              className="d-inline-block align-self-center"
                            >
                              LinkedIn
                            </div>
                          </div>
                        </a>
                      </li>
                      <li
                        className="column-row"
                      >
                        <a
                          className="column-link"
                          href="https://github.com/postmanlabs"
                          id="github"
                          onClick={[Function]}
                          rel={null}
                          target={null}
                        >
                          <div
                            direction="row"
                            wrap="nowrap"
                          >
                            <div
                              className="sc-hKMtZM dZiXNm d-inline-block align-self-center social-svg"
                              dangerouslySetInnerHTML={
                                Object {
                                  "__html": undefined,
                                }
                              }
                            />
                            <div
                              className="d-inline-block align-self-center"
                            >
                              GitHub
                            </div>
                          </div>
                        </a>
                      </li>
                      <li
                        className="column-row"
                      >
                        <a
                          className="column-link"
                          href="https://www.youtube.com/c/Postman"
                          id="youtube"
                          onClick={[Function]}
                          rel={null}
                          target={null}
                        >
                          <div
                            direction="row"
                            wrap="nowrap"
                          >
                            <div
                              className="sc-hKMtZM dZiXNm d-inline-block align-self-center social-svg"
                              dangerouslySetInnerHTML={
                                Object {
                                  "__html": undefined,
                                }
                              }
                            />
                            <div
                              className="d-inline-block align-self-center"
                            >
                              YouTube
                            </div>
                          </div>
                        </a>
                      </li>
                      <li
                        className="column-row"
                      >
                        <a
                          className="column-link"
                          href="https://www.twitch.tv/getpostman"
                          id="twitch"
                          onClick={[Function]}
                          rel={null}
                          target={null}
                        >
                          <div
                            direction="row"
                            wrap="nowrap"
                          >
                            <div
                              className="sc-hKMtZM dZiXNm d-inline-block align-self-center social-svg"
                              dangerouslySetInnerHTML={
                                Object {
                                  "__html": undefined,
                                }
                              }
                            />
                            <div
                              className="d-inline-block align-self-center"
                            >
                              Twitch
                            </div>
                          </div>
                        </a>
                      </li>
                    </ul>
                  </nav>
                </div>
              </div>
            </div>
            <div
              className="col-12 d-block d-md-none text-center order-last"
            >
              <span
                className="col-12 copyright"
              >
                Â© 2022 Postman, Inc.
              </span>
            </div>
          </div>
        </div>
      </div>
    </div>
  </section>
</footer>
`;